// Jest Snapshot v1, https://goo.gl/fbAQLP

exports[`Name of the group 1 should render 1`] = `null`;
